  Determining projects to restore...
  All projects are up-to-date for restore.
  FieldLink360.Shared -> C:\Users\ahari\source\FieldLink360\FieldLink360.Shared\bin\Debug\net8.0\FieldLink360.Shared.dll
C:\Users\ahari\source\FieldLink360\FieldLink360.Client\Pages\Scanner.razor(15,24): error CS1012: Too many characters in character literal [C:\Users\ahari\source\FieldLink360\FieldLink360.Client\FieldLink360.Client.csproj]
C:\Users\ahari\source\FieldLink360\FieldLink360.Client\Pages\Scanner.razor(40,35): error CS1012: Too many characters in character literal [C:\Users\ahari\source\FieldLink360\FieldLink360.Client\FieldLink360.Client.csproj]
C:\Users\ahari\source\FieldLink360\FieldLink360.Client\Pages\Scanner.razor(29,24): error CS1012: Too many characters in character literal [C:\Users\ahari\source\FieldLink360\FieldLink360.Client\FieldLink360.Client.csproj]
C:\Users\ahari\source\FieldLink360\FieldLink360.Client\Layout\MainLayout.razor(1,1): warning MUD0002: Illegal Attribute 'Link' on 'MudButton' using pattern 'LowerCase' source location '(358,20)-(358,76)' (https://mudblazor.com/features/analyzers) [C:\Users\ahari\source\FieldLink360\FieldLink360.Client\FieldLink360.Client.csproj]

Build FAILED.

C:\Users\ahari\source\FieldLink360\FieldLink360.Client\Layout\MainLayout.razor(1,1): warning MUD0002: Illegal Attribute 'Link' on 'MudButton' using pattern 'LowerCase' source location '(358,20)-(358,76)' (https://mudblazor.com/features/analyzers) [C:\Users\ahari\source\FieldLink360\FieldLink360.Client\FieldLink360.Client.csproj]
C:\Users\ahari\source\FieldLink360\FieldLink360.Client\Pages\Scanner.razor(15,24): error CS1012: Too many characters in character literal [C:\Users\ahari\source\FieldLink360\FieldLink360.Client\FieldLink360.Client.csproj]
C:\Users\ahari\source\FieldLink360\FieldLink360.Client\Pages\Scanner.razor(40,35): error CS1012: Too many characters in character literal [C:\Users\ahari\source\FieldLink360\FieldLink360.Client\FieldLink360.Client.csproj]
C:\Users\ahari\source\FieldLink360\FieldLink360.Client\Pages\Scanner.razor(29,24): error CS1012: Too many characters in character literal [C:\Users\ahari\source\FieldLink360\FieldLink360.Client\FieldLink360.Client.csproj]
    1 Warning(s)
    3 Error(s)

Time Elapsed 00:00:01.75
